*** Using Compiler 'V6.21', folder: 'D:\ProgramFiles\Keil_v5\ARM\ARMCLANG\Bin'
Rebuild target 'Target 1'
compiling cb_basic_os.c...
compiling main.c...
compiling delay.c...
compiling system_gd32f30x.c...
compiling printf_port.c...
compiling gd32f303x_start.c...
compiling drv_timer.c...
compiling gd32f30x_adc.c...
compiling cpu.c...
compiling printf.c...
compiling gd32f30x_it.c...
compiling gd32f30x_bkp.c...
compiling basic_os.c...
compiling drv_uart.c...
assembling port_mdk.s...
compiling evse_cp.c...
assembling startup_gd32f30x_hd.s...
compiling gd32f30x_crc.c...
compiling gd32f30x_can.c...
compiling gd32f30x_ctc.c...
compiling gd32f30x_dac.c...
compiling gd32f30x_enet.c...
compiling gd32f30x_dbg.c...
compiling gd32f30x_dma.c...
compiling gd32f30x_fmc.c...
compiling gd32f30x_i2c.c...
compiling gd32f30x_gpio.c...
compiling gd32f30x_fwdgt.c...
compiling gd32f30x_pmu.c...
compiling gd32f30x_misc.c...
compiling gd32f30x_exmc.c...
compiling gd32f30x_exti.c...
compiling gd32f30x_rtc.c...
compiling gd32f30x_spi.c...
compiling gd32f30x_rcu.c...
compiling gd32f30x_sdio.c...
compiling gd32f30x_wwdgt.c...
compiling gd32f30x_usart.c...
compiling elog.c...
compiling gd32f30x_timer.c...
compiling elog_utils.c...
compiling elog_port.c...
linking...
Program Size: Code=21262 RO-data=1702 RW-data=104 ZI-data=12864  
FromELF: creating hex file...
".\Objects\mode2.axf" - 0 Error(s), 0 Warning(s).
Build Time Elapsed:  00:00:02
